Archive member included to satisfy reference by file (symbol)

./lib/libopencm3//lib/libopencm3_stm32f3.a(rcc.o)
                              src/spi.o (rcc_clock_setup_hsi)
./lib/libopencm3//lib/libopencm3_stm32f3.a(flash.o)
                              ./lib/libopencm3//lib/libopencm3_stm32f3.a(rcc.o) (flash_prefetch_enable)
./lib/libopencm3//lib/libopencm3_stm32f3.a(gpio_common_all.o)
                              src/spi.o (gpio_set)
./lib/libopencm3//lib/libopencm3_stm32f3.a(gpio_common_f0234.o)
                              src/spi.o (gpio_mode_setup)
./lib/libopencm3//lib/libopencm3_stm32f3.a(flash_common_f234.o)
                              ./lib/libopencm3//lib/libopencm3_stm32f3.a(rcc.o) (flash_set_ws)
./lib/libopencm3//lib/libopencm3_stm32f3.a(rcc_common_all.o)
                              src/spi.o (rcc_periph_clock_enable)
./lib/libopencm3//lib/libopencm3_stm32f3.a(usart_common_all.o)
                              src/spi.o (usart_set_baudrate)
./lib/libopencm3//lib/libopencm3_stm32f3.a(spi_common_all.o)
                              src/spi.o (spi_enable)
./lib/libopencm3//lib/libopencm3_stm32f3.a(spi_common_v2.o)
                              src/spi.o (spi_send8)
./lib/libopencm3//lib/libopencm3_stm32f3.a(vector.o)
                              (reset_handler)
./lib/libopencm3//lib/libopencm3_stm32f3.a(assert.o)
                              ./lib/libopencm3//lib/libopencm3_stm32f3.a(rcc.o) (cm3_assert_failed)
./lib/libopencm3//lib/libopencm3_stm32f3.a(usart_common_v2.o)
                              ./lib/libopencm3//lib/libopencm3_stm32f3.a(usart_common_all.o) (usart_send)

Discarded input sections

 .group         0x0000000000000000        0xc src/spi.o
 .group         0x0000000000000000        0xc src/spi.o
 .group         0x0000000000000000        0xc src/spi.o
 .group         0x0000000000000000        0xc src/spi.o
 .group         0x0000000000000000        0xc src/spi.o
 .group         0x0000000000000000        0xc src/spi.o
 .group         0x0000000000000000        0xc src/spi.o
 .group         0x0000000000000000        0xc src/spi.o
 .group         0x0000000000000000        0xc src/spi.o
 .group         0x0000000000000000        0xc src/spi.o
 .group         0x0000000000000000        0xc src/spi.o
 .group         0x0000000000000000        0xc src/spi.o
 .group         0x0000000000000000        0xc src/spi.o
 .group         0x0000000000000000        0xc src/spi.o
 .group         0x0000000000000000        0xc src/spi.o
 .group         0x0000000000000000        0xc src/spi.o
 .group         0x0000000000000000        0xc src/spi.o
 .group         0x0000000000000000        0xc src/spi.o
 .group         0x0000000000000000        0xc src/spi.o
 .text          0x0000000000000000        0x0 src/spi.o
 .data          0x0000000000000000        0x0 src/spi.o
 .bss           0x0000000000000000        0x0 src/spi.o
 .group         0x0000000000000000        0xc ./lib/libopencm3//lib/libopencm3_stm32f3.a(rcc.o)
 .group         0x0000000000000000        0xc ./lib/libopencm3//lib/libopencm3_stm32f3.a(rcc.o)
 .group         0x0000000000000000        0xc ./lib/libopencm3//lib/libopencm3_stm32f3.a(rcc.o)
 .group         0x0000000000000000        0xc ./lib/libopencm3//lib/libopencm3_stm32f3.a(rcc.o)
 .group         0x0000000000000000        0xc ./lib/libopencm3//lib/libopencm3_stm32f3.a(rcc.o)
 .group         0x0000000000000000        0xc ./lib/libopencm3//lib/libopencm3_stm32f3.a(rcc.o)
 .group         0x0000000000000000        0xc ./lib/libopencm3//lib/libopencm3_stm32f3.a(rcc.o)
 .group         0x0000000000000000        0xc ./lib/libopencm3//lib/libopencm3_stm32f3.a(rcc.o)
 .group         0x0000000000000000        0xc ./lib/libopencm3//lib/libopencm3_stm32f3.a(rcc.o)
 .group         0x0000000000000000        0xc ./lib/libopencm3//lib/libopencm3_stm32f3.a(rcc.o)
 .group         0x0000000000000000        0xc ./lib/libopencm3//lib/libopencm3_stm32f3.a(rcc.o)
 .group         0x0000000000000000        0xc ./lib/libopencm3//lib/libopencm3_stm32f3.a(rcc.o)
 .group         0x0000000000000000        0xc ./lib/libopencm3//lib/libopencm3_stm32f3.a(rcc.o)
 .group         0x0000000000000000        0xc ./lib/libopencm3//lib/libopencm3_stm32f3.a(rcc.o)
 .group         0x0000000000000000        0xc ./lib/libopencm3//lib/libopencm3_stm32f3.a(rcc.o)
 .group         0x0000000000000000        0xc ./lib/libopencm3//lib/libopencm3_stm32f3.a(rcc.o)
 .group         0x0000000000000000        0xc ./lib/libopencm3//lib/libopencm3_stm32f3.a(rcc.o)
 .text          0x0000000000000000        0x0 ./lib/libopencm3//lib/libopencm3_stm32f3.a(rcc.o)
 .data          0x0000000000000000        0x0 ./lib/libopencm3//lib/libopencm3_stm32f3.a(rcc.o)
 .bss           0x0000000000000000        0x0 ./lib/libopencm3//lib/libopencm3_stm32f3.a(rcc.o)
 .text.rcc_osc_ready_int_clear
                0x0000000000000000       0x48 ./lib/libopencm3//lib/libopencm3_stm32f3.a(rcc.o)
 .text.rcc_osc_ready_int_enable
[...]
Memory Configuration

Name             Origin             Length             Attributes
rom              0x0000000008000000 0x0000000000040000 xr
ram              0x0000000020000000 0x000000000000a000 xrw
*default*        0x0000000000000000 0xffffffffffffffff

Linker script and memory map

LOAD src/spi.o
LOAD ./lib/libopencm3//lib/libopencm3_stm32f3.a
START GROUP
LOAD /usr/lib/gcc/arm-none-eabi/8.2.0/../../../../arm-none-eabi/lib/thumb/v7e-m+fp/hard/libc.a
LOAD /usr/lib/gcc/arm-none-eabi/8.2.0/thumb/v7e-m+fp/hard/libgcc.a
LOAD /usr/lib/gcc/arm-none-eabi/8.2.0/../../../../arm-none-eabi/lib/thumb/v7e-m+fp/hard/libnosys.a
END GROUP
START GROUP
LOAD /usr/lib/gcc/arm-none-eabi/8.2.0/thumb/v7e-m+fp/hard/libgcc.a
LOAD /usr/lib/gcc/arm-none-eabi/8.2.0/../../../../arm-none-eabi/lib/thumb/v7e-m+fp/hard/libg.a
LOAD /usr/lib/gcc/arm-none-eabi/8.2.0/../../../../arm-none-eabi/lib/thumb/v7e-m+fp/hard/libc.a
END GROUP

.text           0x0000000008000000      0x978
 *(.vectors)
 .vectors       0x0000000008000000      0x184 ./lib/libopencm3//lib/libopencm3_stm32f3.a(vector.o)
                0x0000000008000000                vector_table
 *(.text*)
 .text.my_usart_print_int.constprop.0
                0x0000000008000184       0x78 src/spi.o
 .text.startup.main
                0x00000000080001fc      0x290 src/spi.o
                0x00000000080001fc                main
 .text.rcc_wait_for_sysclk_status.part.1
                0x000000000800048c       0x14 ./lib/libopencm3//lib/libopencm3_stm32f3.a(rcc.o)
 .text.rcc_is_osc_ready
                0x00000000080004a0       0x44 ./lib/libopencm3//lib/libopencm3_stm32f3.a(rcc.o)
                0x00000000080004a0                rcc_is_osc_ready
 .text.rcc_wait_for_osc_ready
                0x00000000080004e4       0x10 ./lib/libopencm3//lib/libopencm3_stm32f3.a(rcc.o)
                0x00000000080004e4                rcc_wait_for_osc_ready
 .text.rcc_wait_for_osc_not_ready
                0x00000000080004f4       0x10 ./lib/libopencm3//lib/libopencm3_stm32f3.a(rcc.o)
                0x00000000080004f4                rcc_wait_for_osc_not_ready
 .text.rcc_wait_for_sysclk_status
                0x0000000008000504       0x2c ./lib/libopencm3//lib/libopencm3_stm32f3.a(rcc.o)
                0x0000000008000504                rcc_wait_for_sysclk_status
 .text.rcc_osc_on
                0x0000000008000530       0x44 ./lib/libopencm3//lib/libopencm3_stm32f3.a(rcc.o)
                0x0000000008000530                rcc_osc_on
 .text.rcc_set_sysclk_source
                0x0000000008000574       0x14 ./lib/libopencm3//lib/libopencm3_stm32f3.a(rcc.o)
                0x0000000008000574                rcc_set_sysclk_source
 .text.rcc_set_pll_source
                0x0000000008000588       0x14 ./lib/libopencm3//lib/libopencm3_stm32f3.a(rcc.o)
                0x0000000008000588                rcc_set_pll_source
 .text.rcc_set_ppre2
                0x000000000800059c       0x14 ./lib/libopencm3//lib/libopencm3_stm32f3.a(rcc.o)
                0x000000000800059c                rcc_set_ppre2
 .text.rcc_set_ppre1
                0x00000000080005b0       0x14 ./lib/libopencm3//lib/libopencm3_stm32f3.a(rcc.o)
                0x00000000080005b0                rcc_set_ppre1
 .text.rcc_set_hpre
                0x00000000080005c4       0x14 ./lib/libopencm3//lib/libopencm3_stm32f3.a(rcc.o)
                0x00000000080005c4                rcc_set_hpre
 .text.rcc_set_pll_multiplier
                0x00000000080005d8       0x14 ./lib/libopencm3//lib/libopencm3_stm32f3.a(rcc.o)
                0x00000000080005d8                rcc_set_pll_multiplier
 .text.rcc_clock_setup_hsi
                0x00000000080005ec       0x8c ./lib/libopencm3//lib/libopencm3_stm32f3.a(rcc.o)
                0x00000000080005ec                rcc_clock_setup_hsi
 .text.gpio_set
                0x0000000008000678        0x4 ./lib/libopencm3//lib/libopencm3_stm32f3.a(gpio_common_all.o)
                0x0000000008000678                gpio_set
 .text.gpio_clear
                0x000000000800067c        0x6 ./lib/libopencm3//lib/libopencm3_stm32f3.a(gpio_common_all.o)
                0x000000000800067c                gpio_clear
 .text.gpio_mode_setup
                0x0000000008000682       0x44 ./lib/libopencm3//lib/libopencm3_stm32f3.a(gpio_common_f0234.o)
                0x0000000008000682                gpio_mode_setup
 .text.gpio_set_af
                0x00000000080006c6       0x54 ./lib/libopencm3//lib/libopencm3_stm32f3.a(gpio_common_f0234.o)
                0x00000000080006c6                gpio_set_af
 *fill*         0x000000000800071a        0x2 
 .text.flash_set_ws
                0x000000000800071c       0x14 ./lib/libopencm3//lib/libopencm3_stm32f3.a(flash_common_f234.o)
                0x000000000800071c                flash_set_ws
 .text.rcc_periph_clock_enable
                0x0000000008000730       0x1a ./lib/libopencm3//lib/libopencm3_stm32f3.a(rcc_common_all.o)
                0x0000000008000730                rcc_periph_clock_enable
 *fill*         0x000000000800074a        0x2 
 .text.usart_set_baudrate
                0x000000000800074c       0x28 ./lib/libopencm3//lib/libopencm3_stm32f3.a(usart_common_all.o)
                0x000000000800074c                usart_set_baudrate
 .text.usart_set_databits
                0x0000000008000774       0x12 ./lib/libopencm3//lib/libopencm3_stm32f3.a(usart_common_all.o)
                0x0000000008000774                usart_set_databits
 .text.usart_set_stopbits
                0x0000000008000786        0xc ./lib/libopencm3//lib/libopencm3_stm32f3.a(usart_common_all.o)
                0x0000000008000786                usart_set_stopbits
 .text.usart_set_parity
                0x0000000008000792        0xc ./lib/libopencm3//lib/libopencm3_stm32f3.a(usart_common_all.o)
                0x0000000008000792                usart_set_parity
 .text.usart_set_mode
                0x000000000800079e        0xc ./lib/libopencm3//lib/libopencm3_stm32f3.a(usart_common_all.o)
                0x000000000800079e                usart_set_mode
 .text.usart_set_flow_control
                0x00000000080007aa        0xc ./lib/libopencm3//lib/libopencm3_stm32f3.a(usart_common_all.o)
                0x00000000080007aa                usart_set_flow_control
 .text.usart_enable
                0x00000000080007b6        0xa ./lib/libopencm3//lib/libopencm3_stm32f3.a(usart_common_all.o)
                0x00000000080007b6                usart_enable
 .text.usart_send_blocking
                0x00000000080007c0       0x16 ./lib/libopencm3//lib/libopencm3_stm32f3.a(usart_common_all.o)
                0x00000000080007c0                usart_send_blocking
 .text.spi_enable
                0x00000000080007d6        0xa ./lib/libopencm3//lib/libopencm3_stm32f3.a(spi_common_all.o)
                0x00000000080007d6                spi_enable
 .text.spi_set_unidirectional_mode
                0x00000000080007e0        0xa ./lib/libopencm3//lib/libopencm3_stm32f3.a(spi_common_all.o)
                0x00000000080007e0                spi_set_unidirectional_mode
 .text.spi_set_full_duplex_mode
                0x00000000080007ea        0xa ./lib/libopencm3//lib/libopencm3_stm32f3.a(spi_common_all.o)
                0x00000000080007ea                spi_set_full_duplex_mode
 .text.spi_enable_software_slave_management
                0x00000000080007f4       0x12 ./lib/libopencm3//lib/libopencm3_stm32f3.a(spi_common_all.o)
                0x00000000080007f4                spi_enable_software_slave_management
 .text.spi_set_nss_high
                0x0000000008000806        0xa ./lib/libopencm3//lib/libopencm3_stm32f3.a(spi_common_all.o)
                0x0000000008000806                spi_set_nss_high
 .text.spi_send_msb_first
                0x0000000008000810        0xa ./lib/libopencm3//lib/libopencm3_stm32f3.a(spi_common_all.o)
                0x0000000008000810                spi_send_msb_first
 .text.spi_set_baudrate_prescaler
                0x000000000800081a       0x16 ./lib/libopencm3//lib/libopencm3_stm32f3.a(spi_common_all.o)
                0x000000000800081a                spi_set_baudrate_prescaler
 .text.spi_set_master_mode
                0x0000000008000830        0xa ./lib/libopencm3//lib/libopencm3_stm32f3.a(spi_common_all.o)
                0x0000000008000830                spi_set_master_mode
 .text.spi_set_clock_polarity_0
                0x000000000800083a        0xa ./lib/libopencm3//lib/libopencm3_stm32f3.a(spi_common_all.o)
                0x000000000800083a                spi_set_clock_polarity_0
 .text.spi_set_clock_phase_0
                0x0000000008000844        0xa ./lib/libopencm3//lib/libopencm3_stm32f3.a(spi_common_all.o)
                0x0000000008000844                spi_set_clock_phase_0
 .text.spi_send8
                0x000000000800084e        0xa ./lib/libopencm3//lib/libopencm3_stm32f3.a(spi_common_v2.o)
                0x000000000800084e                spi_send8
 .text.spi_read8
                0x0000000008000858        0xa ./lib/libopencm3//lib/libopencm3_stm32f3.a(spi_common_v2.o)
                0x0000000008000858                spi_read8
 .text.spi_set_data_size
                0x0000000008000862       0x10 ./lib/libopencm3//lib/libopencm3_stm32f3.a(spi_common_v2.o)
                0x0000000008000862                spi_set_data_size
 .text.spi_fifo_reception_threshold_8bit
                0x0000000008000872        0xa ./lib/libopencm3//lib/libopencm3_stm32f3.a(spi_common_v2.o)
                0x0000000008000872                spi_fifo_reception_threshold_8bit
 .text.blocking_handler
                0x000000000800087c        0x2 ./lib/libopencm3//lib/libopencm3_stm32f3.a(vector.o)
                0x000000000800087c                usb_lp_isr
                0x000000000800087c                i2c2_ev_exti24_isr
                0x000000000800087c                usb_hp_isr
                0x000000000800087c                hrtim_timb_isr
                0x000000000800087c                tim7_isr
                0x000000000800087c                adc1_2_isr
                0x000000000800087c                hrtim_timc_isr
                0x000000000800087c                reserved_13_isr
                0x000000000800087c                blocking_handler
                0x000000000800087c                rtc_wkup_isr
                0x000000000800087c                tim1_up_tim16_isr
                0x000000000800087c                spi1_isr
                0x000000000800087c                dma1_channel6_isr
                0x000000000800087c                reserved_5_isr
                0x000000000800087c                dma1_channel5_isr
                0x000000000800087c                dma2_channel5_isr
                0x000000000800087c                tamp_stamp_isr
                0x000000000800087c                can1_rx1_isr
                0x000000000800087c                hrtim_master_isr
                0x000000000800087c                hrtim_tima_isr
                0x000000000800087c                usage_fault_handler
                0x000000000800087c                tim8_trg_com_isr
                0x000000000800087c                i2c1_ev_exti23_isr
                0x000000000800087c                tim1_trg_com_tim17_isr
                0x000000000800087c                reserved_15_isr
                0x000000000800087c                usb_wkup_isr
                0x000000000800087c                can1_sce_isr
                0x000000000800087c                reserved_3_isr
                0x000000000800087c                tim1_cc_isr
                0x000000000800087c                eth_isr
                0x000000000800087c                reserved_14_isr
                0x000000000800087c                dma1_channel4_isr
                0x000000000800087c                tim8_brk_isr
                0x000000000800087c                dma2_channel4_isr
                0x000000000800087c                pvd_isr
                0x000000000800087c                comp123_isr
                0x000000000800087c                comp456_isr
                0x000000000800087c                rcc_isr
                0x000000000800087c                flash_isr
                0x000000000800087c                rtc_alarm_isr
                0x000000000800087c                reserved_2_isr
                0x000000000800087c                exti15_10_isr
                0x000000000800087c                hard_fault_handler
                0x000000000800087c                exti1_isr
                0x000000000800087c                dma2_channel1_isr
                0x000000000800087c                spi2_isr
                0x000000000800087c                nvic_wwdg_isr
                0x000000000800087c                tim8_up_isr
                0x000000000800087c                usart1_exti25_isr
                0x000000000800087c                dma2_channel2_isr
                0x000000000800087c                exti3_isr
                0x000000000800087c                adc3_isr
                0x000000000800087c                tim3_isr
                0x000000000800087c                i2c2_er_isr
                0x000000000800087c                reserved_1_isr
                0x000000000800087c                dma1_channel1_isr
                0x000000000800087c                exti4_isr
                0x000000000800087c                tim6_dac_isr
                0x000000000800087c                mem_manage_handler
                0x000000000800087c                exti9_5_isr
                0x000000000800087c                dma2_channel3_isr
                0x000000000800087c                usb_hp_can1_tx_isr
                0x000000000800087c                dma1_channel7_isr
                0x000000000800087c                usart3_exti28_isr
                0x000000000800087c                tim4_isr
                0x000000000800087c                usb_lp_can1_rx0_isr
                0x000000000800087c                hrtim_time_isr
                0x000000000800087c                hrtim_timd_isr
                0x000000000800087c                dma1_channel2_isr
                0x000000000800087c                i2c1_er_isr
                0x000000000800087c                tim8_cc_isr
                0x000000000800087c                comp7_isr
                0x000000000800087c                uart5_exti35_isr
                0x000000000800087c                reserved_4_isr
                0x000000000800087c                hrtim_flt_isr
                0x000000000800087c                bus_fault_handler
                0x000000000800087c                tim1_brk_tim15_isr
                0x000000000800087c                dma1_channel3_isr
                0x000000000800087c                uart4_exti34_isr
                0x000000000800087c                usart2_exti26_isr
                0x000000000800087c                spi3_isr
                0x000000000800087c                tim2_isr
                0x000000000800087c                reserved_16_isr
                0x000000000800087c                exti2_tsc_isr
                0x000000000800087c                usb_wkup_a_isr
                0x000000000800087c                exti0_isr
 .text.null_handler
                0x000000000800087e        0x2 ./lib/libopencm3//lib/libopencm3_stm32f3.a(vector.o)
                0x000000000800087e                null_handler
                0x000000000800087e                sv_call_handler
                0x000000000800087e                pend_sv_handler
                0x000000000800087e                debug_monitor_handler
                0x000000000800087e                sys_tick_handler
                0x000000000800087e                nmi_handler
 .text.reset_handler
                0x0000000008000880       0x94 ./lib/libopencm3//lib/libopencm3_stm32f3.a(vector.o)
                0x0000000008000880                reset_handler
 .text.usart_send
                0x0000000008000914        0x8 ./lib/libopencm3//lib/libopencm3_stm32f3.a(usart_common_v2.o)
                0x0000000008000914                usart_send
 .text.usart_wait_send_ready
                0x000000000800091c        0x8 ./lib/libopencm3//lib/libopencm3_stm32f3.a(usart_common_v2.o)
                0x000000000800091c                usart_wait_send_ready
                0x0000000008000924                . = ALIGN (0x4)
 *(.rodata*)
 .rodata.my_usart_print_int.constprop.0.str1.1
                0x0000000008000924        0xb src/spi.o
 *fill*         0x000000000800092f        0x1 
 .rodata.rcc_hsi_8mhz
                0x0000000008000930       0x48 ./lib/libopencm3//lib/libopencm3_stm32f3.a(rcc.o)
                0x0000000008000930                rcc_hsi_8mhz
                0x0000000008000978                . = ALIGN (0x4)

.glue_7         0x0000000008000978        0x0
 .glue_7        0x0000000008000978        0x0 linker stubs

.glue_7t        0x0000000008000978        0x0
 .glue_7t       0x0000000008000978        0x0 linker stubs

.vfp11_veneer   0x0000000008000978        0x0
 .vfp11_veneer  0x0000000008000978        0x0 linker stubs

.v4_bx          0x0000000008000978        0x0
 .v4_bx         0x0000000008000978        0x0 linker stubs

.iplt           0x0000000008000978        0x0
 .iplt          0x0000000008000978        0x0 src/spi.o

.rel.dyn        0x0000000008000978        0x0
 .rel.iplt      0x0000000008000978        0x0 src/spi.o

.preinit_array  0x0000000008000978        0x0
                0x0000000008000978                . = ALIGN (0x4)
                0x0000000008000978                __preinit_array_start = .
 *(.preinit_array)
                0x0000000008000978                __preinit_array_end = .

.init_array     0x0000000008000978        0x0
                0x0000000008000978                . = ALIGN (0x4)
                0x0000000008000978                __init_array_start = .
 *(SORT_BY_NAME(.init_array.*))
 *(.init_array)
                0x0000000008000978                __init_array_end = .

.fini_array     0x0000000008000978        0x0
                0x0000000008000978                . = ALIGN (0x4)
                0x0000000008000978                __fini_array_start = .
 *(.fini_array)
 *(SORT_BY_NAME(.fini_array.*))
                0x0000000008000978                __fini_array_end = .

.ARM.extab
 *(.ARM.extab*)

.ARM.exidx      0x0000000008000978        0x0
                0x0000000008000978                __exidx_start = .
 *(.ARM.exidx*)
                0x0000000008000978                __exidx_end = .
                0x0000000008000978                . = ALIGN (0x4)
                0x0000000008000978                _etext = .

.data           0x0000000020000000        0xc load address 0x0000000008000978
                0x0000000020000000                _data = .
 *(.data*)
 .data.rcc_ahb_frequency
                0x0000000020000000        0x4 ./lib/libopencm3//lib/libopencm3_stm32f3.a(rcc.o)
                0x0000000020000000                rcc_ahb_frequency
 .data.rcc_apb1_frequency
                0x0000000020000004        0x4 ./lib/libopencm3//lib/libopencm3_stm32f3.a(rcc.o)
                0x0000000020000004                rcc_apb1_frequency
 .data.rcc_apb2_frequency
                0x0000000020000008        0x4 ./lib/libopencm3//lib/libopencm3_stm32f3.a(rcc.o)
                0x0000000020000008                rcc_apb2_frequency
                0x000000002000000c                . = ALIGN (0x4)
                0x000000002000000c                _edata = .
                0x0000000008000978                _data_loadaddr = LOADADDR (.data)

.igot.plt       0x000000002000000c        0x0 load address 0x0000000008000984
 .igot.plt      0x000000002000000c        0x0 src/spi.o

.bss            0x000000002000000c        0x0 load address 0x0000000008000984
 *(.bss*)
 *(COMMON)
                0x000000002000000c                . = ALIGN (0x4)
                0x000000002000000c                _ebss = .

/DISCARD/
 *(.eh_frame)
                0x000000002000000c                . = ALIGN (0x4)
                0x000000002000000c                end = .
                0x000000002000a000                PROVIDE (_stack = (ORIGIN (ram) + LENGTH (ram)))
OUTPUT(src/spi.elf elf32-littlearm)

.debug_info     0x0000000000000000     0x425b
 .debug_info    0x0000000000000000      0xe67 src/spi.o
 .debug_info    0x0000000000000e67      0xb47 ./lib/libopencm3//lib/libopencm3_stm32f3.a(rcc.o)
 .debug_info    0x00000000000019ae      0x266 ./lib/libopencm3//lib/libopencm3_stm32f3.a(gpio_common_all.o)
 .debug_info    0x0000000000001c14      0x233 ./lib/libopencm3//lib/libopencm3_stm32f3.a(gpio_common_f0234.o)
 .debug_info    0x0000000000001e47      0x12e ./lib/libopencm3//lib/libopencm3_stm32f3.a(flash_common_f234.o)
 .debug_info    0x0000000000001f75      0x770 ./lib/libopencm3//lib/libopencm3_stm32f3.a(rcc_common_all.o)
 .debug_info    0x00000000000026e5      0x62e ./lib/libopencm3//lib/libopencm3_stm32f3.a(usart_common_all.o)
 .debug_info    0x0000000000002d13      0xb26 ./lib/libopencm3//lib/libopencm3_stm32f3.a(spi_common_all.o)
 .debug_info    0x0000000000003839      0x382 ./lib/libopencm3//lib/libopencm3_stm32f3.a(spi_common_v2.o)
 .debug_info    0x0000000000003bbb      0x2f2 ./lib/libopencm3//lib/libopencm3_stm32f3.a(vector.o)
 .debug_info    0x0000000000003ead      0x3ae ./lib/libopencm3//lib/libopencm3_stm32f3.a(usart_common_v2.o)

.debug_abbrev   0x0000000000000000     0x1089
 .debug_abbrev  0x0000000000000000      0x220 src/spi.o
 .debug_abbrev  0x0000000000000220      0x321 ./lib/libopencm3//lib/libopencm3_stm32f3.a(rcc.o)
 .debug_abbrev  0x0000000000000541      0x116 ./lib/libopencm3//lib/libopencm3_stm32f3.a(gpio_common_all.o)
 .debug_abbrev  0x0000000000000657       0xbf ./lib/libopencm3//lib/libopencm3_stm32f3.a(gpio_common_f0234.o)
 .debug_abbrev  0x0000000000000716       0x98 ./lib/libopencm3//lib/libopencm3_stm32f3.a(flash_common_f234.o)
 .debug_abbrev  0x00000000000007ae      0x193 ./lib/libopencm3//lib/libopencm3_stm32f3.a(rcc_common_all.o)
 .debug_abbrev  0x0000000000000941      0x164 ./lib/libopencm3//lib/libopencm3_stm32f3.a(usart_common_all.o)
 .debug_abbrev  0x0000000000000aa5      0x223 ./lib/libopencm3//lib/libopencm3_stm32f3.a(spi_common_all.o)
 .debug_abbrev  0x0000000000000cc8      0x13e ./lib/libopencm3//lib/libopencm3_stm32f3.a(spi_common_v2.o)
 .debug_abbrev  0x0000000000000e06      0x15b ./lib/libopencm3//lib/libopencm3_stm32f3.a(vector.o)
 .debug_abbrev  0x0000000000000f61      0x128 ./lib/libopencm3//lib/libopencm3_stm32f3.a(usart_common_v2.o)

.debug_loc      0x0000000000000000     0x11a1
 .debug_loc     0x0000000000000000      0x184 src/spi.o
 .debug_loc     0x0000000000000184      0x5bf ./lib/libopencm3//lib/libopencm3_stm32f3.a(rcc.o)
 .debug_loc     0x0000000000000743       0xbe ./lib/libopencm3//lib/libopencm3_stm32f3.a(gpio_common_all.o)
 .debug_loc     0x0000000000000801      0x14d ./lib/libopencm3//lib/libopencm3_stm32f3.a(gpio_common_f0234.o)
 .debug_loc     0x000000000000094e       0x47 ./lib/libopencm3//lib/libopencm3_stm32f3.a(flash_common_f234.o)
 .debug_loc     0x0000000000000995      0x128 ./lib/libopencm3//lib/libopencm3_stm32f3.a(rcc_common_all.o)
 .debug_loc     0x0000000000000abd      0x206 ./lib/libopencm3//lib/libopencm3_stm32f3.a(usart_common_all.o)
 .debug_loc     0x0000000000000cc3      0x195 ./lib/libopencm3//lib/libopencm3_stm32f3.a(spi_common_all.o)
 .debug_loc     0x0000000000000e58      0x177 ./lib/libopencm3//lib/libopencm3_stm32f3.a(spi_common_v2.o)
 .debug_loc     0x0000000000000fcf       0xff ./lib/libopencm3//lib/libopencm3_stm32f3.a(vector.o)
 .debug_loc     0x00000000000010ce       0xd3 ./lib/libopencm3//lib/libopencm3_stm32f3.a(usart_common_v2.o)

.debug_aranges  0x0000000000000000      0x5d8
 .debug_aranges
                0x0000000000000000       0x28 src/spi.o
 .debug_aranges
                0x0000000000000028      0x118 ./lib/libopencm3//lib/libopencm3_stm32f3.a(rcc.o)
 .debug_aranges
                0x0000000000000140       0x50 ./lib/libopencm3//lib/libopencm3_stm32f3.a(gpio_common_all.o)
 .debug_aranges
                0x0000000000000190       0x30 ./lib/libopencm3//lib/libopencm3_stm32f3.a(gpio_common_f0234.o)
 .debug_aranges
                0x00000000000001c0       0x50 ./lib/libopencm3//lib/libopencm3_stm32f3.a(flash_common_f234.o)
 .debug_aranges
                0x0000000000000210       0x68 ./lib/libopencm3//lib/libopencm3_stm32f3.a(rcc_common_all.o)
 .debug_aranges
                0x0000000000000278       0xb8 ./lib/libopencm3//lib/libopencm3_stm32f3.a(usart_common_all.o)
 .debug_aranges
                0x0000000000000330      0x178 ./lib/libopencm3//lib/libopencm3_stm32f3.a(spi_common_all.o)
 .debug_aranges
                0x00000000000004a8       0x58 ./lib/libopencm3//lib/libopencm3_stm32f3.a(spi_common_v2.o)
 .debug_aranges
                0x0000000000000500       0x30 ./lib/libopencm3//lib/libopencm3_stm32f3.a(vector.o)
 .debug_aranges
                0x0000000000000530       0xa8 ./lib/libopencm3//lib/libopencm3_stm32f3.a(usart_common_v2.o)

.debug_ranges   0x0000000000000000      0x5c0
 .debug_ranges  0x0000000000000000       0x50 src/spi.o
 .debug_ranges  0x0000000000000050      0x168 ./lib/libopencm3//lib/libopencm3_stm32f3.a(rcc.o)
 .debug_ranges  0x00000000000001b8       0x40 ./lib/libopencm3//lib/libopencm3_stm32f3.a(gpio_common_all.o)
 .debug_ranges  0x00000000000001f8       0x20 ./lib/libopencm3//lib/libopencm3_stm32f3.a(gpio_common_f0234.o)
 .debug_ranges  0x0000000000000218       0x40 ./lib/libopencm3//lib/libopencm3_stm32f3.a(flash_common_f234.o)
 .debug_ranges  0x0000000000000258       0x58 ./lib/libopencm3//lib/libopencm3_stm32f3.a(rcc_common_all.o)
 .debug_ranges  0x00000000000002b0       0xa8 ./lib/libopencm3//lib/libopencm3_stm32f3.a(usart_common_all.o)
 .debug_ranges  0x0000000000000358      0x168 ./lib/libopencm3//lib/libopencm3_stm32f3.a(spi_common_all.o)
 .debug_ranges  0x00000000000004c0       0x48 ./lib/libopencm3//lib/libopencm3_stm32f3.a(spi_common_v2.o)
 .debug_ranges  0x0000000000000508       0x20 ./lib/libopencm3//lib/libopencm3_stm32f3.a(vector.o)
 .debug_ranges  0x0000000000000528       0x98 ./lib/libopencm3//lib/libopencm3_stm32f3.a(usart_common_v2.o)

.debug_macro    0x0000000000000000     0x3bdd
 .debug_macro   0x0000000000000000      0x1e9 src/spi.o
 .debug_macro   0x00000000000001e9      0xa90 src/spi.o
 .debug_macro   0x0000000000000c79       0x22 src/spi.o
 .debug_macro   0x0000000000000c9b       0x56 src/spi.o
 .debug_macro   0x0000000000000cf1       0x51 src/spi.o
 .debug_macro   0x0000000000000d42       0xef src/spi.o
 .debug_macro   0x0000000000000e31       0x6a src/spi.o
 .debug_macro   0x0000000000000e9b      0x1df src/spi.o
 .debug_macro   0x000000000000107a       0x22 src/spi.o
 .debug_macro   0x000000000000109c       0xfa src/spi.o
 .debug_macro   0x0000000000001196       0x58 src/spi.o
 .debug_macro   0x00000000000011ee      0x191 src/spi.o
 .debug_macro   0x000000000000137f      0x744 src/spi.o
 .debug_macro   0x0000000000001ac3       0x94 src/spi.o
 .debug_macro   0x0000000000001b57      0x55b src/spi.o
 .debug_macro   0x00000000000020b2       0x22 src/spi.o
 .debug_macro   0x00000000000020d4      0x2eb src/spi.o
 .debug_macro   0x00000000000023bf       0xca src/spi.o
 .debug_macro   0x0000000000002489       0x76 src/spi.o
 .debug_macro   0x00000000000024ff      0x2e6 src/spi.o
 .debug_macro   0x00000000000027e5      0x106 ./lib/libopencm3//lib/libopencm3_stm32f3.a(rcc.o)
 .debug_macro   0x00000000000028eb       0x16 ./lib/libopencm3//lib/libopencm3_stm32f3.a(rcc.o)
 .debug_macro   0x0000000000002901       0x6a ./lib/libopencm3//lib/libopencm3_stm32f3.a(rcc.o)
 .debug_macro   0x000000000000296b       0x88 ./lib/libopencm3//lib/libopencm3_stm32f3.a(rcc.o)
 .debug_macro   0x00000000000029f3      0x16d ./lib/libopencm3//lib/libopencm3_stm32f3.a(rcc.o)
 .debug_macro   0x0000000000002b60      0x35a ./lib/libopencm3//lib/libopencm3_stm32f3.a(rcc.o)
 .debug_macro   0x0000000000002eba       0xc3 ./lib/libopencm3//lib/libopencm3_stm32f3.a(gpio_common_all.o)
 .debug_macro   0x0000000000002f7d       0xc3 ./lib/libopencm3//lib/libopencm3_stm32f3.a(gpio_common_f0234.o)
 .debug_macro   0x0000000000003040       0xb9 ./lib/libopencm3//lib/libopencm3_stm32f3.a(flash_common_f234.o)
 .debug_macro   0x00000000000030f9       0xcf ./lib/libopencm3//lib/libopencm3_stm32f3.a(rcc_common_all.o)
 .debug_macro   0x00000000000031c8       0xda ./lib/libopencm3//lib/libopencm3_stm32f3.a(usart_common_all.o)
 .debug_macro   0x00000000000032a2       0xd5 ./lib/libopencm3//lib/libopencm3_stm32f3.a(spi_common_all.o)
 .debug_macro   0x0000000000003377       0xd5 ./lib/libopencm3//lib/libopencm3_stm32f3.a(spi_common_v2.o)
 .debug_macro   0x000000000000344c       0xd4 ./lib/libopencm3//lib/libopencm3_stm32f3.a(vector.o)
 .debug_macro   0x0000000000003520      0x3a1 ./lib/libopencm3//lib/libopencm3_stm32f3.a(vector.o)
 .debug_macro   0x00000000000038c1       0x6a ./lib/libopencm3//lib/libopencm3_stm32f3.a(vector.o)
 .debug_macro   0x000000000000392b      0x1f0 ./lib/libopencm3//lib/libopencm3_stm32f3.a(vector.o)
 .debug_macro   0x0000000000003b1b       0xc2 ./lib/libopencm3//lib/libopencm3_stm32f3.a(usart_common_v2.o)

.debug_line     0x0000000000000000     0x3558
 .debug_line    0x0000000000000000      0x48a src/spi.o
 .debug_line    0x000000000000048a      0x98a ./lib/libopencm3//lib/libopencm3_stm32f3.a(rcc.o)
 .debug_line    0x0000000000000e14      0x34a ./lib/libopencm3//lib/libopencm3_stm32f3.a(gpio_common_all.o)
 .debug_line    0x000000000000115e      0x3d9 ./lib/libopencm3//lib/libopencm3_stm32f3.a(gpio_common_f0234.o)
 .debug_line    0x0000000000001537      0x332 ./lib/libopencm3//lib/libopencm3_stm32f3.a(flash_common_f234.o)
 .debug_line    0x0000000000001869      0x3b8 ./lib/libopencm3//lib/libopencm3_stm32f3.a(rcc_common_all.o)
 .debug_line    0x0000000000001c21      0x53c ./lib/libopencm3//lib/libopencm3_stm32f3.a(usart_common_all.o)
 .debug_line    0x000000000000215d      0x858 ./lib/libopencm3//lib/libopencm3_stm32f3.a(spi_common_all.o)
 .debug_line    0x00000000000029b5      0x3af ./lib/libopencm3//lib/libopencm3_stm32f3.a(spi_common_v2.o)
 .debug_line    0x0000000000002d64      0x380 ./lib/libopencm3//lib/libopencm3_stm32f3.a(vector.o)
 .debug_line    0x00000000000030e4      0x474 ./lib/libopencm3//lib/libopencm3_stm32f3.a(usart_common_v2.o)

.debug_str      0x0000000000000000     0xfb48
 .debug_str     0x0000000000000000     0xab26 src/spi.o
                                       0xacfe (size before relaxing)
 .debug_str     0x000000000000ab26     0x1aa8 ./lib/libopencm3//lib/libopencm3_stm32f3.a(rcc.o)
                                       0x8499 (size before relaxing)
 .debug_str     0x000000000000c5ce       0x80 ./lib/libopencm3//lib/libopencm3_stm32f3.a(gpio_common_all.o)
                                       0x5979 (size before relaxing)
 .debug_str     0x000000000000c64e       0x79 ./lib/libopencm3//lib/libopencm3_stm32f3.a(gpio_common_f0234.o)
                                       0x599b (size before relaxing)
 .debug_str     0x000000000000c6c7       0x96 ./lib/libopencm3//lib/libopencm3_stm32f3.a(flash_common_f234.o)
                                       0x50f3 (size before relaxing)
 .debug_str     0x000000000000c75d      0x3a1 ./lib/libopencm3//lib/libopencm3_stm32f3.a(rcc_common_all.o)
                                       0x704a (size before relaxing)
 .debug_str     0x000000000000cafe      0x189 ./lib/libopencm3//lib/libopencm3_stm32f3.a(usart_common_all.o)
                                       0x8917 (size before relaxing)
 .debug_str     0x000000000000cc87      0x33c ./lib/libopencm3//lib/libopencm3_stm32f3.a(spi_common_all.o)
                                       0x81ac (size before relaxing)
 .debug_str     0x000000000000cfc3       0x8c ./lib/libopencm3//lib/libopencm3_stm32f3.a(spi_common_v2.o)
                                       0x7c16 (size before relaxing)
 .debug_str     0x000000000000d04f     0x2969 ./lib/libopencm3//lib/libopencm3_stm32f3.a(vector.o)
                                       0x6a7c (size before relaxing)
 .debug_str     0x000000000000f9b8      0x190 ./lib/libopencm3//lib/libopencm3_stm32f3.a(usart_common_v2.o)
                                       0x6a37 (size before relaxing)

.comment        0x0000000000000000       0x1d
 .comment       0x0000000000000000       0x1d src/spi.o
                                         0x1e (size before relaxing)
 .comment       0x000000000000001d       0x1e ./lib/libopencm3//lib/libopencm3_stm32f3.a(rcc.o)
 .comment       0x000000000000001d       0x1e ./lib/libopencm3//lib/libopencm3_stm32f3.a(gpio_common_all.o)
 .comment       0x000000000000001d       0x1e ./lib/libopencm3//lib/libopencm3_stm32f3.a(gpio_common_f0234.o)
 .comment       0x000000000000001d       0x1e ./lib/libopencm3//lib/libopencm3_stm32f3.a(flash_common_f234.o)
 .comment       0x000000000000001d       0x1e ./lib/libopencm3//lib/libopencm3_stm32f3.a(rcc_common_all.o)
 .comment       0x000000000000001d       0x1e ./lib/libopencm3//lib/libopencm3_stm32f3.a(usart_common_all.o)
 .comment       0x000000000000001d       0x1e ./lib/libopencm3//lib/libopencm3_stm32f3.a(spi_common_all.o)
 .comment       0x000000000000001d       0x1e ./lib/libopencm3//lib/libopencm3_stm32f3.a(spi_common_v2.o)
 .comment       0x000000000000001d       0x1e ./lib/libopencm3//lib/libopencm3_stm32f3.a(vector.o)
 .comment       0x000000000000001d       0x1e ./lib/libopencm3//lib/libopencm3_stm32f3.a(usart_common_v2.o)

.ARM.attributes
                0x0000000000000000       0x34
 .ARM.attributes
                0x0000000000000000       0x34 src/spi.o
 .ARM.attributes
                0x0000000000000034       0x34 ./lib/libopencm3//lib/libopencm3_stm32f3.a(rcc.o)
 .ARM.attributes
                0x0000000000000068       0x34 ./lib/libopencm3//lib/libopencm3_stm32f3.a(gpio_common_all.o)
 .ARM.attributes
                0x000000000000009c       0x34 ./lib/libopencm3//lib/libopencm3_stm32f3.a(gpio_common_f0234.o)
 .ARM.attributes
                0x00000000000000d0       0x34 ./lib/libopencm3//lib/libopencm3_stm32f3.a(flash_common_f234.o)
 .ARM.attributes
                0x0000000000000104       0x34 ./lib/libopencm3//lib/libopencm3_stm32f3.a(rcc_common_all.o)
 .ARM.attributes
                0x0000000000000138       0x34 ./lib/libopencm3//lib/libopencm3_stm32f3.a(usart_common_all.o)
 .ARM.attributes
                0x000000000000016c       0x34 ./lib/libopencm3//lib/libopencm3_stm32f3.a(spi_common_all.o)
 .ARM.attributes
                0x00000000000001a0       0x34 ./lib/libopencm3//lib/libopencm3_stm32f3.a(spi_common_v2.o)
 .ARM.attributes
                0x00000000000001d4       0x34 ./lib/libopencm3//lib/libopencm3_stm32f3.a(vector.o)
 .ARM.attributes
                0x0000000000000208       0x34 ./lib/libopencm3//lib/libopencm3_stm32f3.a(usart_common_v2.o)

.debug_frame    0x0000000000000000      0xb1c
 .debug_frame   0x0000000000000000       0x58 src/spi.o
 .debug_frame   0x0000000000000058      0x238 ./lib/libopencm3//lib/libopencm3_stm32f3.a(rcc.o)
 .debug_frame   0x0000000000000290       0x80 ./lib/libopencm3//lib/libopencm3_stm32f3.a(gpio_common_all.o)
 .debug_frame   0x0000000000000310       0x70 ./lib/libopencm3//lib/libopencm3_stm32f3.a(gpio_common_f0234.o)
 .debug_frame   0x0000000000000380       0x80 ./lib/libopencm3//lib/libopencm3_stm32f3.a(flash_common_f234.o)
 .debug_frame   0x0000000000000400       0xd0 ./lib/libopencm3//lib/libopencm3_stm32f3.a(rcc_common_all.o)
 .debug_frame   0x00000000000004d0      0x170 ./lib/libopencm3//lib/libopencm3_stm32f3.a(usart_common_all.o)
 .debug_frame   0x0000000000000640      0x2d0 ./lib/libopencm3//lib/libopencm3_stm32f3.a(spi_common_all.o)
 .debug_frame   0x0000000000000910       0x9c ./lib/libopencm3//lib/libopencm3_stm32f3.a(spi_common_v2.o)
 .debug_frame   0x00000000000009ac       0x40 ./lib/libopencm3//lib/libopencm3_stm32f3.a(vector.o)
 .debug_frame   0x00000000000009ec      0x130 ./lib/libopencm3//lib/libopencm3_stm32f3.a(usart_common_v2.o)

Cross Reference Table

Symbol                                            File
__fini_array_end                                  ./lib/libopencm3//lib/libopencm3_stm32f3.a(vector.o)
__fini_array_start                                ./lib/libopencm3//lib/libopencm3_stm32f3.a(vector.o)
__init_array_end                                  ./lib/libopencm3//lib/libopencm3_stm32f3.a(vector.o)
__init_array_start                                ./lib/libopencm3//lib/libopencm3_stm32f3.a(vector.o)
__preinit_array_end                               ./lib/libopencm3//lib/libopencm3_stm32f3.a(vector.o)
__preinit_array_start                             ./lib/libopencm3//lib/libopencm3_stm32f3.a(vector.o)
_data                                             ./lib/libopencm3//lib/libopencm3_stm32f3.a(vector.o)
_data_loadaddr                                    ./lib/libopencm3//lib/libopencm3_stm32f3.a(vector.o)
_ebss                                             ./lib/libopencm3//lib/libopencm3_stm32f3.a(vector.o)
_edata                                            ./lib/libopencm3//lib/libopencm3_stm32f3.a(vector.o)
_stack                                            ./lib/libopencm3//lib/libopencm3_stm32f3.a(vector.o)
adc1_2_isr                                        ./lib/libopencm3//lib/libopencm3_stm32f3.a(vector.o)
adc3_isr                                          ./lib/libopencm3//lib/libopencm3_stm32f3.a(vector.o)
blocking_handler                                  ./lib/libopencm3//lib/libopencm3_stm32f3.a(vector.o)
bus_fault_handler                                 ./lib/libopencm3//lib/libopencm3_stm32f3.a(vector.o)
can1_rx1_isr                                      ./lib/libopencm3//lib/libopencm3_stm32f3.a(vector.o)
can1_sce_isr                                      ./lib/libopencm3//lib/libopencm3_stm32f3.a(vector.o)
cm3_assert_failed                                 ./lib/libopencm3//lib/libopencm3_stm32f3.a(assert.o)
                                                  ./lib/libopencm3//lib/libopencm3_stm32f3.a(rcc.o)
cm3_assert_failed_verbose                         ./lib/libopencm3//lib/libopencm3_stm32f3.a(assert.o)
comp123_isr                                       ./lib/libopencm3//lib/libopencm3_stm32f3.a(vector.o)
comp456_isr                                       ./lib/libopencm3//lib/libopencm3_stm32f3.a(vector.o)
comp7_isr                                         ./lib/libopencm3//lib/libopencm3_stm32f3.a(vector.o)
debug_monitor_handler                             ./lib/libopencm3//lib/libopencm3_stm32f3.a(vector.o)
dma1_channel1_isr                                 ./lib/libopencm3//lib/libopencm3_stm32f3.a(vector.o)
dma1_channel2_isr                                 ./lib/libopencm3//lib/libopencm3_stm32f3.a(vector.o)
dma1_channel3_isr                                 ./lib/libopencm3//lib/libopencm3_stm32f3.a(vector.o)
dma1_channel4_isr                                 ./lib/libopencm3//lib/libopencm3_stm32f3.a(vector.o)
dma1_channel5_isr                                 ./lib/libopencm3//lib/libopencm3_stm32f3.a(vector.o)
dma1_channel6_isr                                 ./lib/libopencm3//lib/libopencm3_stm32f3.a(vector.o)
dma1_channel7_isr                                 ./lib/libopencm3//lib/libopencm3_stm32f3.a(vector.o)
dma2_channel1_isr                                 ./lib/libopencm3//lib/libopencm3_stm32f3.a(vector.o)
dma2_channel2_isr                                 ./lib/libopencm3//lib/libopencm3_stm32f3.a(vector.o)
dma2_channel3_isr                                 ./lib/libopencm3//lib/libopencm3_stm32f3.a(vector.o)
dma2_channel4_isr                                 ./lib/libopencm3//lib/libopencm3_stm32f3.a(vector.o)
dma2_channel5_isr                                 ./lib/libopencm3//lib/libopencm3_stm32f3.a(vector.o)
eth_isr                                           ./lib/libopencm3//lib/libopencm3_stm32f3.a(vector.o)
exti0_isr                                         ./lib/libopencm3//lib/libopencm3_stm32f3.a(vector.o)
exti15_10_isr                                     ./lib/libopencm3//lib/libopencm3_stm32f3.a(vector.o)
exti1_isr                                         ./lib/libopencm3//lib/libopencm3_stm32f3.a(vector.o)
exti2_tsc_isr                                     ./lib/libopencm3//lib/libopencm3_stm32f3.a(vector.o)
exti3_isr                                         ./lib/libopencm3//lib/libopencm3_stm32f3.a(vector.o)
exti4_isr                                         ./lib/libopencm3//lib/libopencm3_stm32f3.a(vector.o)
exti9_5_isr                                       ./lib/libopencm3//lib/libopencm3_stm32f3.a(vector.o)
flash_clear_bsy_flag                              ./lib/libopencm3//lib/libopencm3_stm32f3.a(flash_common_f234.o)
                                                  ./lib/libopencm3//lib/libopencm3_stm32f3.a(flash.o)
flash_clear_eop_flag                              ./lib/libopencm3//lib/libopencm3_stm32f3.a(flash_common_f234.o)
                                                  ./lib/libopencm3//lib/libopencm3_stm32f3.a(flash.o)
flash_clear_pgperr_flag                           ./lib/libopencm3//lib/libopencm3_stm32f3.a(flash_common_f234.o)
                                                  ./lib/libopencm3//lib/libopencm3_stm32f3.a(flash.o)
flash_clear_status_flags                          ./lib/libopencm3//lib/libopencm3_stm32f3.a(flash.o)
flash_isr                                         ./lib/libopencm3//lib/libopencm3_stm32f3.a(vector.o)
flash_lock                                        ./lib/libopencm3//lib/libopencm3_stm32f3.a(flash_common_f234.o)
flash_prefetch_disable                            ./lib/libopencm3//lib/libopencm3_stm32f3.a(flash.o)
flash_prefetch_enable                             ./lib/libopencm3//lib/libopencm3_stm32f3.a(flash.o)
                                                  ./lib/libopencm3//lib/libopencm3_stm32f3.a(rcc.o)
flash_set_ws                                      ./lib/libopencm3//lib/libopencm3_stm32f3.a(flash_common_f234.o)
                                                  ./lib/libopencm3//lib/libopencm3_stm32f3.a(rcc.o)
flash_unlock                                      ./lib/libopencm3//lib/libopencm3_stm32f3.a(flash_common_f234.o)
flash_wait_for_last_operation                     ./lib/libopencm3//lib/libopencm3_stm32f3.a(flash_common_f234.o)
gpio_clear                                        ./lib/libopencm3//lib/libopencm3_stm32f3.a(gpio_common_all.o)
                                                  src/spi.o
gpio_get                                          ./lib/libopencm3//lib/libopencm3_stm32f3.a(gpio_common_all.o)
gpio_mode_setup                                   ./lib/libopencm3//lib/libopencm3_stm32f3.a(gpio_common_f0234.o)
                                                  src/spi.o
gpio_port_config_lock                             ./lib/libopencm3//lib/libopencm3_stm32f3.a(gpio_common_all.o)
gpio_port_read                                    ./lib/libopencm3//lib/libopencm3_stm32f3.a(gpio_common_all.o)
gpio_port_write                                   ./lib/libopencm3//lib/libopencm3_stm32f3.a(gpio_common_all.o)
gpio_set                                          ./lib/libopencm3//lib/libopencm3_stm32f3.a(gpio_common_all.o)
                                                  src/spi.o
gpio_set_af                                       ./lib/libopencm3//lib/libopencm3_stm32f3.a(gpio_common_f0234.o)
                                                  src/spi.o
gpio_set_output_options                           ./lib/libopencm3//lib/libopencm3_stm32f3.a(gpio_common_f0234.o)
gpio_toggle                                       ./lib/libopencm3//lib/libopencm3_stm32f3.a(gpio_common_all.o)
hard_fault_handler                                ./lib/libopencm3//lib/libopencm3_stm32f3.a(vector.o)
hrtim_flt_isr                                     ./lib/libopencm3//lib/libopencm3_stm32f3.a(vector.o)
hrtim_master_isr                                  ./lib/libopencm3//lib/libopencm3_stm32f3.a(vector.o)
hrtim_tima_isr                                    ./lib/libopencm3//lib/libopencm3_stm32f3.a(vector.o)
hrtim_timb_isr                                    ./lib/libopencm3//lib/libopencm3_stm32f3.a(vector.o)
hrtim_timc_isr                                    ./lib/libopencm3//lib/libopencm3_stm32f3.a(vector.o)
hrtim_timd_isr                                    ./lib/libopencm3//lib/libopencm3_stm32f3.a(vector.o)
hrtim_time_isr                                    ./lib/libopencm3//lib/libopencm3_stm32f3.a(vector.o)
i2c1_er_isr                                       ./lib/libopencm3//lib/libopencm3_stm32f3.a(vector.o)
i2c1_ev_exti23_isr                                ./lib/libopencm3//lib/libopencm3_stm32f3.a(vector.o)
i2c2_er_isr                                       ./lib/libopencm3//lib/libopencm3_stm32f3.a(vector.o)
i2c2_ev_exti24_isr                                ./lib/libopencm3//lib/libopencm3_stm32f3.a(vector.o)
main                                              src/spi.o
                                                  ./lib/libopencm3//lib/libopencm3_stm32f3.a(vector.o)
mem_manage_handler                                ./lib/libopencm3//lib/libopencm3_stm32f3.a(vector.o)
nmi_handler                                       ./lib/libopencm3//lib/libopencm3_stm32f3.a(vector.o)
null_handler                                      ./lib/libopencm3//lib/libopencm3_stm32f3.a(vector.o)
nvic_wwdg_isr                                     ./lib/libopencm3//lib/libopencm3_stm32f3.a(vector.o)
pend_sv_handler                                   ./lib/libopencm3//lib/libopencm3_stm32f3.a(vector.o)
pvd_isr                                           ./lib/libopencm3//lib/libopencm3_stm32f3.a(vector.o)
rcc_adc_prescale                                  ./lib/libopencm3//lib/libopencm3_stm32f3.a(rcc.o)
rcc_ahb_frequency                                 ./lib/libopencm3//lib/libopencm3_stm32f3.a(rcc.o)
rcc_apb1_frequency                                ./lib/libopencm3//lib/libopencm3_stm32f3.a(rcc.o)
                                                  ./lib/libopencm3//lib/libopencm3_stm32f3.a(usart_common_all.o)
rcc_apb2_frequency                                ./lib/libopencm3//lib/libopencm3_stm32f3.a(rcc.o)
                                                  ./lib/libopencm3//lib/libopencm3_stm32f3.a(usart_common_all.o)
rcc_backupdomain_reset                            ./lib/libopencm3//lib/libopencm3_stm32f3.a(rcc.o)
rcc_clock_setup_hsi                               ./lib/libopencm3//lib/libopencm3_stm32f3.a(rcc.o)
                                                  src/spi.o
rcc_clock_setup_pll                               ./lib/libopencm3//lib/libopencm3_stm32f3.a(rcc.o)
rcc_css_disable                                   ./lib/libopencm3//lib/libopencm3_stm32f3.a(rcc.o)
rcc_css_enable                                    ./lib/libopencm3//lib/libopencm3_stm32f3.a(rcc.o)
rcc_css_int_clear                                 ./lib/libopencm3//lib/libopencm3_stm32f3.a(rcc.o)
rcc_css_int_flag                                  ./lib/libopencm3//lib/libopencm3_stm32f3.a(rcc.o)
rcc_get_i2c_clocks                                ./lib/libopencm3//lib/libopencm3_stm32f3.a(rcc.o)
rcc_get_system_clock_source                       ./lib/libopencm3//lib/libopencm3_stm32f3.a(rcc.o)
rcc_hsi_8mhz                                      ./lib/libopencm3//lib/libopencm3_stm32f3.a(rcc.o)
                                                  src/spi.o
rcc_is_osc_ready                                  ./lib/libopencm3//lib/libopencm3_stm32f3.a(rcc.o)
rcc_isr                                           ./lib/libopencm3//lib/libopencm3_stm32f3.a(vector.o)
rcc_osc_bypass_disable                            ./lib/libopencm3//lib/libopencm3_stm32f3.a(rcc_common_all.o)
rcc_osc_bypass_enable                             ./lib/libopencm3//lib/libopencm3_stm32f3.a(rcc_common_all.o)
rcc_osc_off                                       ./lib/libopencm3//lib/libopencm3_stm32f3.a(rcc.o)
rcc_osc_on                                        ./lib/libopencm3//lib/libopencm3_stm32f3.a(rcc.o)
rcc_osc_ready_int_clear                           ./lib/libopencm3//lib/libopencm3_stm32f3.a(rcc.o)
rcc_osc_ready_int_disable                         ./lib/libopencm3//lib/libopencm3_stm32f3.a(rcc.o)
rcc_osc_ready_int_enable                          ./lib/libopencm3//lib/libopencm3_stm32f3.a(rcc.o)
rcc_osc_ready_int_flag                            ./lib/libopencm3//lib/libopencm3_stm32f3.a(rcc.o)
rcc_periph_clock_disable                          ./lib/libopencm3//lib/libopencm3_stm32f3.a(rcc_common_all.o)
rcc_periph_clock_enable                           ./lib/libopencm3//lib/libopencm3_stm32f3.a(rcc_common_all.o)
                                                  src/spi.o
rcc_periph_reset_hold                             ./lib/libopencm3//lib/libopencm3_stm32f3.a(rcc_common_all.o)
rcc_periph_reset_pulse                            ./lib/libopencm3//lib/libopencm3_stm32f3.a(rcc_common_all.o)
                                                  ./lib/libopencm3//lib/libopencm3_stm32f3.a(spi_common_all.o)
rcc_periph_reset_release                          ./lib/libopencm3//lib/libopencm3_stm32f3.a(rcc_common_all.o)
rcc_peripheral_clear_reset                        ./lib/libopencm3//lib/libopencm3_stm32f3.a(rcc_common_all.o)
rcc_peripheral_disable_clock                      ./lib/libopencm3//lib/libopencm3_stm32f3.a(rcc_common_all.o)
rcc_peripheral_enable_clock                       ./lib/libopencm3//lib/libopencm3_stm32f3.a(rcc_common_all.o)
rcc_peripheral_reset                              ./lib/libopencm3//lib/libopencm3_stm32f3.a(rcc_common_all.o)
rcc_set_hpre                                      ./lib/libopencm3//lib/libopencm3_stm32f3.a(rcc.o)
rcc_set_i2c_clock_hsi                             ./lib/libopencm3//lib/libopencm3_stm32f3.a(rcc.o)
rcc_set_i2c_clock_sysclk                          ./lib/libopencm3//lib/libopencm3_stm32f3.a(rcc.o)
rcc_set_mco                                       ./lib/libopencm3//lib/libopencm3_stm32f3.a(rcc_common_all.o)
rcc_set_pll_multiplier                            ./lib/libopencm3//lib/libopencm3_stm32f3.a(rcc.o)
rcc_set_pll_source                                ./lib/libopencm3//lib/libopencm3_stm32f3.a(rcc.o)
rcc_set_ppre1                                     ./lib/libopencm3//lib/libopencm3_stm32f3.a(rcc.o)
rcc_set_ppre2                                     ./lib/libopencm3//lib/libopencm3_stm32f3.a(rcc.o)
rcc_set_prediv                                    ./lib/libopencm3//lib/libopencm3_stm32f3.a(rcc.o)
rcc_set_sysclk_source                             ./lib/libopencm3//lib/libopencm3_stm32f3.a(rcc.o)
rcc_usb_prescale_1                                ./lib/libopencm3//lib/libopencm3_stm32f3.a(rcc.o)
rcc_usb_prescale_1_5                              ./lib/libopencm3//lib/libopencm3_stm32f3.a(rcc.o)
rcc_wait_for_osc_not_ready                        ./lib/libopencm3//lib/libopencm3_stm32f3.a(rcc.o)
rcc_wait_for_osc_ready                            ./lib/libopencm3//lib/libopencm3_stm32f3.a(rcc.o)
rcc_wait_for_sysclk_status                        ./lib/libopencm3//lib/libopencm3_stm32f3.a(rcc.o)
reserved_13_isr                                   ./lib/libopencm3//lib/libopencm3_stm32f3.a(vector.o)
reserved_14_isr                                   ./lib/libopencm3//lib/libopencm3_stm32f3.a(vector.o)
reserved_15_isr                                   ./lib/libopencm3//lib/libopencm3_stm32f3.a(vector.o)
reserved_16_isr                                   ./lib/libopencm3//lib/libopencm3_stm32f3.a(vector.o)
reserved_1_isr                                    ./lib/libopencm3//lib/libopencm3_stm32f3.a(vector.o)
reserved_2_isr                                    ./lib/libopencm3//lib/libopencm3_stm32f3.a(vector.o)
reserved_3_isr                                    ./lib/libopencm3//lib/libopencm3_stm32f3.a(vector.o)
reserved_4_isr                                    ./lib/libopencm3//lib/libopencm3_stm32f3.a(vector.o)
reserved_5_isr                                    ./lib/libopencm3//lib/libopencm3_stm32f3.a(vector.o)
reset_handler                                     ./lib/libopencm3//lib/libopencm3_stm32f3.a(vector.o)
rtc_alarm_isr                                     ./lib/libopencm3//lib/libopencm3_stm32f3.a(vector.o)
rtc_wkup_isr                                      ./lib/libopencm3//lib/libopencm3_stm32f3.a(vector.o)
spi1_isr                                          ./lib/libopencm3//lib/libopencm3_stm32f3.a(vector.o)
spi2_isr                                          ./lib/libopencm3//lib/libopencm3_stm32f3.a(vector.o)
spi3_isr                                          ./lib/libopencm3//lib/libopencm3_stm32f3.a(vector.o)
spi_clean_disable                                 ./lib/libopencm3//lib/libopencm3_stm32f3.a(spi_common_all.o)
spi_disable                                       ./lib/libopencm3//lib/libopencm3_stm32f3.a(spi_common_all.o)
spi_disable_crc                                   ./lib/libopencm3//lib/libopencm3_stm32f3.a(spi_common_all.o)
spi_disable_error_interrupt                       ./lib/libopencm3//lib/libopencm3_stm32f3.a(spi_common_all.o)
spi_disable_rx_buffer_not_empty_interrupt         ./lib/libopencm3//lib/libopencm3_stm32f3.a(spi_common_all.o)
spi_disable_rx_dma                                ./lib/libopencm3//lib/libopencm3_stm32f3.a(spi_common_all.o)
spi_disable_software_slave_management             ./lib/libopencm3//lib/libopencm3_stm32f3.a(spi_common_all.o)
spi_disable_ss_output                             ./lib/libopencm3//lib/libopencm3_stm32f3.a(spi_common_all.o)
spi_disable_tx_buffer_empty_interrupt             ./lib/libopencm3//lib/libopencm3_stm32f3.a(spi_common_all.o)
spi_disable_tx_dma                                ./lib/libopencm3//lib/libopencm3_stm32f3.a(spi_common_all.o)
spi_enable                                        ./lib/libopencm3//lib/libopencm3_stm32f3.a(spi_common_all.o)
                                                  src/spi.o
spi_enable_crc                                    ./lib/libopencm3//lib/libopencm3_stm32f3.a(spi_common_all.o)
spi_enable_error_interrupt                        ./lib/libopencm3//lib/libopencm3_stm32f3.a(spi_common_all.o)
spi_enable_rx_buffer_not_empty_interrupt          ./lib/libopencm3//lib/libopencm3_stm32f3.a(spi_common_all.o)
spi_enable_rx_dma                                 ./lib/libopencm3//lib/libopencm3_stm32f3.a(spi_common_all.o)
spi_enable_software_slave_management              ./lib/libopencm3//lib/libopencm3_stm32f3.a(spi_common_all.o)
                                                  src/spi.o
spi_enable_ss_output                              ./lib/libopencm3//lib/libopencm3_stm32f3.a(spi_common_all.o)
spi_enable_tx_buffer_empty_interrupt              ./lib/libopencm3//lib/libopencm3_stm32f3.a(spi_common_all.o)
spi_enable_tx_dma                                 ./lib/libopencm3//lib/libopencm3_stm32f3.a(spi_common_all.o)
spi_fifo_reception_threshold_16bit                ./lib/libopencm3//lib/libopencm3_stm32f3.a(spi_common_v2.o)
spi_fifo_reception_threshold_8bit                 ./lib/libopencm3//lib/libopencm3_stm32f3.a(spi_common_v2.o)
                                                  src/spi.o
spi_init_master                                   ./lib/libopencm3//lib/libopencm3_stm32f3.a(spi_common_v2.o)
spi_read                                          ./lib/libopencm3//lib/libopencm3_stm32f3.a(spi_common_all.o)
spi_read8                                         ./lib/libopencm3//lib/libopencm3_stm32f3.a(spi_common_v2.o)
                                                  src/spi.o
spi_reset                                         ./lib/libopencm3//lib/libopencm3_stm32f3.a(spi_common_all.o)
spi_send                                          ./lib/libopencm3//lib/libopencm3_stm32f3.a(spi_common_all.o)
spi_send8                                         ./lib/libopencm3//lib/libopencm3_stm32f3.a(spi_common_v2.o)
                                                  src/spi.o
spi_send_lsb_first                                ./lib/libopencm3//lib/libopencm3_stm32f3.a(spi_common_all.o)
spi_send_msb_first                                ./lib/libopencm3//lib/libopencm3_stm32f3.a(spi_common_all.o)
                                                  src/spi.o
spi_set_baudrate_prescaler                        ./lib/libopencm3//lib/libopencm3_stm32f3.a(spi_common_all.o)
                                                  src/spi.o
spi_set_bidirectional_mode                        ./lib/libopencm3//lib/libopencm3_stm32f3.a(spi_common_all.o)
spi_set_bidirectional_receive_only_mode           ./lib/libopencm3//lib/libopencm3_stm32f3.a(spi_common_all.o)
spi_set_bidirectional_transmit_only_mode          ./lib/libopencm3//lib/libopencm3_stm32f3.a(spi_common_all.o)
spi_set_clock_phase_0                             ./lib/libopencm3//lib/libopencm3_stm32f3.a(spi_common_all.o)
                                                  src/spi.o
spi_set_clock_phase_1                             ./lib/libopencm3//lib/libopencm3_stm32f3.a(spi_common_all.o)
spi_set_clock_polarity_0                          ./lib/libopencm3//lib/libopencm3_stm32f3.a(spi_common_all.o)
                                                  src/spi.o
spi_set_clock_polarity_1                          ./lib/libopencm3//lib/libopencm3_stm32f3.a(spi_common_all.o)
spi_set_crcl_16bit                                ./lib/libopencm3//lib/libopencm3_stm32f3.a(spi_common_v2.o)
spi_set_crcl_8bit                                 ./lib/libopencm3//lib/libopencm3_stm32f3.a(spi_common_v2.o)
spi_set_data_size                                 ./lib/libopencm3//lib/libopencm3_stm32f3.a(spi_common_v2.o)
                                                  src/spi.o
spi_set_full_duplex_mode                          ./lib/libopencm3//lib/libopencm3_stm32f3.a(spi_common_all.o)
                                                  src/spi.o
spi_set_master_mode                               ./lib/libopencm3//lib/libopencm3_stm32f3.a(spi_common_all.o)
                                                  src/spi.o
spi_set_next_tx_from_buffer                       ./lib/libopencm3//lib/libopencm3_stm32f3.a(spi_common_all.o)
spi_set_next_tx_from_crc                          ./lib/libopencm3//lib/libopencm3_stm32f3.a(spi_common_all.o)
spi_set_nss_high                                  ./lib/libopencm3//lib/libopencm3_stm32f3.a(spi_common_all.o)
                                                  src/spi.o
spi_set_nss_low                                   ./lib/libopencm3//lib/libopencm3_stm32f3.a(spi_common_all.o)
spi_set_receive_only_mode                         ./lib/libopencm3//lib/libopencm3_stm32f3.a(spi_common_all.o)
spi_set_slave_mode                                ./lib/libopencm3//lib/libopencm3_stm32f3.a(spi_common_all.o)
spi_set_standard_mode                             ./lib/libopencm3//lib/libopencm3_stm32f3.a(spi_common_all.o)
spi_set_unidirectional_mode                       ./lib/libopencm3//lib/libopencm3_stm32f3.a(spi_common_all.o)
                                                  src/spi.o
spi_write                                         ./lib/libopencm3//lib/libopencm3_stm32f3.a(spi_common_all.o)
spi_xfer                                          ./lib/libopencm3//lib/libopencm3_stm32f3.a(spi_common_all.o)
sv_call_handler                                   ./lib/libopencm3//lib/libopencm3_stm32f3.a(vector.o)
sys_tick_handler                                  ./lib/libopencm3//lib/libopencm3_stm32f3.a(vector.o)
tamp_stamp_isr                                    ./lib/libopencm3//lib/libopencm3_stm32f3.a(vector.o)
tim1_brk_tim15_isr                                ./lib/libopencm3//lib/libopencm3_stm32f3.a(vector.o)
tim1_cc_isr                                       ./lib/libopencm3//lib/libopencm3_stm32f3.a(vector.o)
tim1_trg_com_tim17_isr                            ./lib/libopencm3//lib/libopencm3_stm32f3.a(vector.o)
tim1_up_tim16_isr                                 ./lib/libopencm3//lib/libopencm3_stm32f3.a(vector.o)
tim2_isr                                          ./lib/libopencm3//lib/libopencm3_stm32f3.a(vector.o)
tim3_isr                                          ./lib/libopencm3//lib/libopencm3_stm32f3.a(vector.o)
tim4_isr                                          ./lib/libopencm3//lib/libopencm3_stm32f3.a(vector.o)
tim6_dac_isr                                      ./lib/libopencm3//lib/libopencm3_stm32f3.a(vector.o)
tim7_isr                                          ./lib/libopencm3//lib/libopencm3_stm32f3.a(vector.o)
tim8_brk_isr                                      ./lib/libopencm3//lib/libopencm3_stm32f3.a(vector.o)
tim8_cc_isr                                       ./lib/libopencm3//lib/libopencm3_stm32f3.a(vector.o)
tim8_trg_com_isr                                  ./lib/libopencm3//lib/libopencm3_stm32f3.a(vector.o)
tim8_up_isr                                       ./lib/libopencm3//lib/libopencm3_stm32f3.a(vector.o)
uart4_exti34_isr                                  ./lib/libopencm3//lib/libopencm3_stm32f3.a(vector.o)
uart5_exti35_isr                                  ./lib/libopencm3//lib/libopencm3_stm32f3.a(vector.o)
usage_fault_handler                               ./lib/libopencm3//lib/libopencm3_stm32f3.a(vector.o)
usart1_exti25_isr                                 ./lib/libopencm3//lib/libopencm3_stm32f3.a(vector.o)
usart2_exti26_isr                                 ./lib/libopencm3//lib/libopencm3_stm32f3.a(vector.o)
usart3_exti28_isr                                 ./lib/libopencm3//lib/libopencm3_stm32f3.a(vector.o)
usart_disable                                     ./lib/libopencm3//lib/libopencm3_stm32f3.a(usart_common_all.o)
usart_disable_data_inversion                      ./lib/libopencm3//lib/libopencm3_stm32f3.a(usart_common_v2.o)
usart_disable_error_interrupt                     ./lib/libopencm3//lib/libopencm3_stm32f3.a(usart_common_all.o)
usart_disable_halfduplex                          ./lib/libopencm3//lib/libopencm3_stm32f3.a(usart_common_v2.o)
usart_disable_rx_dma                              ./lib/libopencm3//lib/libopencm3_stm32f3.a(usart_common_all.o)
usart_disable_rx_interrupt                        ./lib/libopencm3//lib/libopencm3_stm32f3.a(usart_common_all.o)
usart_disable_rx_inversion                        ./lib/libopencm3//lib/libopencm3_stm32f3.a(usart_common_v2.o)
usart_disable_rx_timeout                          ./lib/libopencm3//lib/libopencm3_stm32f3.a(usart_common_v2.o)
usart_disable_rx_timeout_interrupt                ./lib/libopencm3//lib/libopencm3_stm32f3.a(usart_common_v2.o)
usart_disable_tx_dma                              ./lib/libopencm3//lib/libopencm3_stm32f3.a(usart_common_all.o)
usart_disable_tx_interrupt                        ./lib/libopencm3//lib/libopencm3_stm32f3.a(usart_common_all.o)
usart_disable_tx_inversion                        ./lib/libopencm3//lib/libopencm3_stm32f3.a(usart_common_v2.o)
usart_enable                                      ./lib/libopencm3//lib/libopencm3_stm32f3.a(usart_common_all.o)
                                                  src/spi.o
usart_enable_data_inversion                       ./lib/libopencm3//lib/libopencm3_stm32f3.a(usart_common_v2.o)
usart_enable_error_interrupt                      ./lib/libopencm3//lib/libopencm3_stm32f3.a(usart_common_all.o)
usart_enable_halfduplex                           ./lib/libopencm3//lib/libopencm3_stm32f3.a(usart_common_v2.o)
usart_enable_rx_dma                               ./lib/libopencm3//lib/libopencm3_stm32f3.a(usart_common_all.o)
usart_enable_rx_interrupt                         ./lib/libopencm3//lib/libopencm3_stm32f3.a(usart_common_all.o)
usart_enable_rx_inversion                         ./lib/libopencm3//lib/libopencm3_stm32f3.a(usart_common_v2.o)
usart_enable_rx_timeout                           ./lib/libopencm3//lib/libopencm3_stm32f3.a(usart_common_v2.o)
usart_enable_rx_timeout_interrupt                 ./lib/libopencm3//lib/libopencm3_stm32f3.a(usart_common_v2.o)
usart_enable_tx_dma                               ./lib/libopencm3//lib/libopencm3_stm32f3.a(usart_common_all.o)
usart_enable_tx_interrupt                         ./lib/libopencm3//lib/libopencm3_stm32f3.a(usart_common_all.o)
usart_enable_tx_inversion                         ./lib/libopencm3//lib/libopencm3_stm32f3.a(usart_common_v2.o)
usart_get_flag                                    ./lib/libopencm3//lib/libopencm3_stm32f3.a(usart_common_v2.o)
usart_recv                                        ./lib/libopencm3//lib/libopencm3_stm32f3.a(usart_common_v2.o)
                                                  ./lib/libopencm3//lib/libopencm3_stm32f3.a(usart_common_all.o)
usart_recv_blocking                               ./lib/libopencm3//lib/libopencm3_stm32f3.a(usart_common_all.o)
usart_send                                        ./lib/libopencm3//lib/libopencm3_stm32f3.a(usart_common_v2.o)
                                                  ./lib/libopencm3//lib/libopencm3_stm32f3.a(usart_common_all.o)
usart_send_blocking                               ./lib/libopencm3//lib/libopencm3_stm32f3.a(usart_common_all.o)
                                                  src/spi.o
usart_set_baudrate                                ./lib/libopencm3//lib/libopencm3_stm32f3.a(usart_common_all.o)
                                                  src/spi.o
usart_set_databits                                ./lib/libopencm3//lib/libopencm3_stm32f3.a(usart_common_all.o)
                                                  src/spi.o
usart_set_flow_control                            ./lib/libopencm3//lib/libopencm3_stm32f3.a(usart_common_all.o)
                                                  src/spi.o
usart_set_mode                                    ./lib/libopencm3//lib/libopencm3_stm32f3.a(usart_common_all.o)
                                                  src/spi.o
usart_set_parity                                  ./lib/libopencm3//lib/libopencm3_stm32f3.a(usart_common_all.o)
                                                  src/spi.o
usart_set_rx_timeout_value                        ./lib/libopencm3//lib/libopencm3_stm32f3.a(usart_common_v2.o)
usart_set_stopbits                                ./lib/libopencm3//lib/libopencm3_stm32f3.a(usart_common_all.o)
                                                  src/spi.o
usart_wait_recv_ready                             ./lib/libopencm3//lib/libopencm3_stm32f3.a(usart_common_v2.o)
                                                  ./lib/libopencm3//lib/libopencm3_stm32f3.a(usart_common_all.o)
usart_wait_send_ready                             ./lib/libopencm3//lib/libopencm3_stm32f3.a(usart_common_v2.o)
                                                  ./lib/libopencm3//lib/libopencm3_stm32f3.a(usart_common_all.o)
usb_hp_can1_tx_isr                                ./lib/libopencm3//lib/libopencm3_stm32f3.a(vector.o)
usb_hp_isr                                        ./lib/libopencm3//lib/libopencm3_stm32f3.a(vector.o)
usb_lp_can1_rx0_isr                               ./lib/libopencm3//lib/libopencm3_stm32f3.a(vector.o)
usb_lp_isr                                        ./lib/libopencm3//lib/libopencm3_stm32f3.a(vector.o)
usb_wkup_a_isr                                    ./lib/libopencm3//lib/libopencm3_stm32f3.a(vector.o)
usb_wkup_isr                                      ./lib/libopencm3//lib/libopencm3_stm32f3.a(vector.o)
vector_table                                      ./lib/libopencm3//lib/libopencm3_stm32f3.a(vector.o)
